Java HotSpot(TM) 64-Bit Server VM (25.271-b09) for bsd-amd64 JRE (1.8.0_271-b09), built on Sep 16 2020 16:54:38 by "java_re" with gcc 4.2.1 Compatible Apple LLVM 10.0.0 (clang-1000.11.45.5)
Memory: 4k page, physical 16777216k(3674012k free)

/proc/meminfo:

CommandLine flags: -XX:InitialHeapSize=268435456 -XX:MaxHeapSize=4294967296 -XX:+PrintGC -XX:+PrintGCDetails -XX:+PrintGCTimeStamps -XX:+UseCompressedClassPointers -XX:+UseCompressedOops -XX:+UseParallelGC 
0.806: [GC (Allocation Failure) [PSYoungGen: 65536K->7063K(76288K)] 65536K->7144K(251392K), 0.0073041 secs] [Times: user=0.03 sys=0.00, real=0.01 secs] 
3.163: [GC (Allocation Failure) [PSYoungGen: 72599K->7251K(76288K)] 72680K->7339K(251392K), 0.0070176 secs] [Times: user=0.04 sys=0.01, real=0.01 secs] 
3.437: [GC (Metadata GC Threshold) [PSYoungGen: 20481K->6731K(76288K)] 20569K->6827K(251392K), 0.0043171 secs] [Times: user=0.03 sys=0.00, real=0.01 secs] 
3.441: [Full GC (Metadata GC Threshold) [PSYoungGen: 6731K->0K(76288K)] [ParOldGen: 96K->6541K(102912K)] 6827K->6541K(179200K), [Metaspace: 20771K->20745K(1069056K)], 0.0260075 secs] [Times: user=0.12 sys=0.01, real=0.02 secs] 
9.748: [GC (Allocation Failure) [PSYoungGen: 65308K->6148K(76288K)] 71849K->12697K(179200K), 0.0036136 secs] [Times: user=0.02 sys=0.00, real=0.01 secs] 
Heap
 PSYoungGen      total 76288K, used 20267K [0x000000076ab00000, 0x0000000771e80000, 0x00000007c0000000)
  eden space 65536K, 21% used [0x000000076ab00000,0x000000076b8c9d48,0x000000076eb00000)
  from space 10752K, 57% used [0x000000076f580000,0x000000076fb81078,0x0000000770000000)
  to   space 10752K, 0% used [0x000000076eb00000,0x000000076eb00000,0x000000076f580000)
 ParOldGen       total 102912K, used 6549K [0x00000006c0000000, 0x00000006c6480000, 0x000000076ab00000)
  object space 102912K, 6% used [0x00000006c0000000,0x00000006c0665460,0x00000006c6480000)
 Metaspace       used 27848K, capacity 28256K, committed 28672K, reserved 1075200K
  class space    used 3432K, capacity 3516K, committed 3584K, reserved 1048576K
